// Jest Snapshot v1, https://goo.gl/fbAQLP

exports[`<Card /> renders UI 1`] = `
<div
  className="Card"
>
  <button
    type="button"
  >
    delete
  </button>
  <h3>
    Test Card 2
  </h3>
  <p>
    this is another test card
  </p>
</div>
`;
